\BOOKMARK [1][-]{section.1}{\376\377\137\025\212\000}{}% 1
\BOOKMARK [2][-]{subsection.2}{\376\377\145\207\163\056\176\374\217\360}{section.1}% 2
\BOOKMARK [2][-]{subsection.3}{\376\377\143\021\142\030\122\006\147\220\116\016\215\041\163\056}{section.1}% 3
\BOOKMARK [1][-]{section.4}{\376\377\000S\000O\000H\000\040\117\060\213\241\150\106\147\266\116\016\145\160\143\156\127\372\170\100}{}% 4
\BOOKMARK [2][-]{subsection.5}{\376\377\145\164\117\123\000\040\000S\000O\000H\000\040\117\060\213\241\150\106\147\266}{section.4}% 5
\BOOKMARK [2][-]{subsection.8}{\376\377\121\170\127\213\165\065\154\140\145\160\143\156\226\306}{section.4}% 6
\BOOKMARK [3][-]{subsubsection.11}{\376\377\000O\000x\000f\000o\000r\000d\000\040\225\002\171\273\133\120\165\065\154\140\145\160\143\156\226\306}{subsection.8}% 7
\BOOKMARK [3][-]{subsubsection.12}{\376\377\000C\000A\000L\000C\000E\000\040\225\002\171\273\133\120\165\065\154\140\145\160\143\156\226\306}{subsection.8}% 8
\BOOKMARK [3][-]{subsubsection.13}{\376\377\000M\000I\000T\000/\000S\000e\000v\000e\000r\000s\000o\000n\000\040\225\002\171\273\133\120\165\065\154\140\145\160\143\156\226\306}{subsection.8}% 9
\BOOKMARK [2][-]{subsection.14}{\376\377\162\171\137\201\135\345\172\013}{section.4}% 10
\BOOKMARK [3][-]{subsubsection.15}{\376\377\120\145\136\267\143\007\150\007\143\320\123\326}{subsection.14}% 11
\BOOKMARK [3][-]{subsubsection.22}{\376\377\176\304\176\247\123\314\166\370\121\163\000\040\000M\000S\000-\000C\000C\000C\000T}{subsection.14}% 12
\BOOKMARK [3][-]{subsubsection.26}{\376\377\120\145\136\267\143\007\150\007\173\133\220\011}{subsection.14}% 13
\BOOKMARK [1][-]{section.35}{\376\377\142\100\143\320\121\372\166\204\000M\000S\000-\000A\000g\000e\000n\000t\000N\000e\000t\152\041\127\213}{}% 14
\BOOKMARK [2][-]{subsection.36}{\376\377\000M\000S\000-\000A\000g\000e\000n\000t\000N\000e\000t\140\073\117\123\147\266\147\204\116\016\145\160\143\156\155\101}{section.35}% 15
\BOOKMARK [2][-]{subsection.44}{\376\377\142\100\213\276\213\241\166\204\131\032\134\072\136\246\155\361\136\246\123\357\122\006\171\273\123\167\171\357\152\041\127\127}{section.35}% 16
\BOOKMARK [3][-]{subsubsection.46}{\376\377\000D\000S\000C\000o\000n\000v\127\372\147\054\176\323\147\204\116\016\213\241\173\227\221\317\153\324\217\203}{subsection.44}% 17
\BOOKMARK [3][-]{subsubsection.53}{\376\377\000D\000S\000C\000o\000n\000v\000-\000S\377\032\123\314\221\315\117\134\165\050\166\204\134\100\220\350\130\236\137\072}{subsection.44}% 18
\BOOKMARK [3][-]{subsubsection.56}{\376\377\000D\000S\000C\000o\000n\000v\000-\000L\377\032\124\016\207\215\124\010\225\177\134\072\136\246\176\306\123\026}{subsection.44}% 19
\BOOKMARK [2][-]{subsection.59}{\376\377\142\100\143\320\121\372\166\204\217\173\221\317\176\247\134\100\220\350\040\024\121\150\134\100\207\215\124\010\154\350\141\017\122\233\152\041\127\127}{section.35}% 20
\BOOKMARK [3][-]{subsubsection.61}{\376\377\131\032\131\064\201\352\154\350\141\017\122\233\166\204\116\000\202\054\137\142\137\017}{subsection.59}% 21
\BOOKMARK [3][-]{subsubsection.66}{\376\377\000S\000o\000f\000t\000m\000a\000x\154\350\141\017\122\233\116\016\176\277\140\047\154\350\141\017\122\233}{subsection.59}% 22
\BOOKMARK [3][-]{subsubsection.71}{\376\377\142\100\143\320\121\372\166\204\000S\000L\000F\000A\152\041\127\127}{subsection.59}% 23
\BOOKMARK [1][-]{section.84}{\376\377\133\236\232\214\176\323\147\234\116\016\122\006\147\220}{}% 24
\BOOKMARK [2][-]{subsection.85}{\376\377\213\304\116\367\143\007\150\007}{section.84}% 25
\BOOKMARK [2][-]{subsection.90}{\376\377\152\041\127\213\213\255\176\303\234\201\150\322\140\047\116\016\215\205\123\302\145\160\122\006\147\220}{section.84}% 26
\BOOKMARK [3][-]{subsubsection.91}{\376\377\146\172\200\375\117\123\167\351\226\065\122\035\131\313\123\026\116\016\145\066\145\133\140\047\122\006\147\220}{subsection.90}% 27
\BOOKMARK [3][-]{subsubsection.95}{\376\377\215\205\123\302\145\160\144\034\175\042\116\016\221\115\177\156\220\011\142\351}{subsection.90}% 28
\BOOKMARK [2][-]{subsection.98}{\376\377\000S\000O\000H\117\060\213\241\174\276\136\246\116\016\215\350\165\065\154\140\154\333\123\026\140\047\200\375\153\324\217\203}{section.84}% 29
\BOOKMARK [3][-]{subsubsection.99}{\376\377\000O\000x\000f\000o\000r\000d\145\160\143\156\226\306\116\012\166\204\117\060\213\241\174\276\136\246\122\006\147\220}{subsection.98}% 30
\BOOKMARK [3][-]{subsubsection.103}{\376\377\000C\000A\000L\000C\000E\124\214\000M\000I\000T\145\160\143\156\226\306\116\012\166\204\215\350\165\065\154\140\154\333\123\026\122\006\147\220}{subsection.98}% 31
\BOOKMARK [2][-]{subsection.106}{\376\377\215\350\145\160\143\156\226\306\217\301\171\373\133\236\232\214}{section.84}% 32
\BOOKMARK [3][-]{subsubsection.107}{\376\377\116\015\124\014\156\220\127\337\040\024\166\356\150\007\127\337\176\304\124\010\116\013\166\204\217\301\171\373\176\323\147\234}{subsection.106}% 33
\BOOKMARK [3][-]{subsubsection.110}{\376\377\166\356\150\007\127\337\220\002\221\115\145\160\143\156\153\324\117\213\133\371\217\301\171\373\140\047\200\375\166\204\137\161\124\315}{subsection.106}% 34
\BOOKMARK [2][-]{subsection.112}{\376\377\152\041\127\127\155\210\207\215\116\016\152\041\127\213\131\015\147\102\136\246\122\006\147\220}{section.84}% 35
\BOOKMARK [3][-]{subsubsection.113}{\376\377\152\041\127\127\155\210\207\215\122\006\147\220}{subsection.112}% 36
\BOOKMARK [3][-]{subsubsection.116}{\376\377\152\041\127\213\131\015\147\102\136\246\122\006\147\220}{subsection.112}% 37
\BOOKMARK [1][-]{section.119}{\376\377\176\323\213\272}{}% 38
