\BOOKMARK [1][-]{section.1}{\376\377\137\025\212\000}{}% 1
\BOOKMARK [2][-]{subsection.2}{\376\377\145\207\163\056\176\374\217\360}{section.1}% 2
\BOOKMARK [2][-]{subsection.4}{\376\377\143\021\142\030\122\006\147\220\116\016\215\041\163\056}{section.1}% 3
\BOOKMARK [1][-]{section.5}{\376\377\145\271\154\325\127\372\170\100\116\016\145\160\143\156\121\306\131\007}{}% 4
\BOOKMARK [2][-]{subsection.6}{\376\377\120\145\136\267\162\266\140\001\117\060\213\241\150\106\147\266\151\202\217\360}{section.5}% 5
\BOOKMARK [2][-]{subsection.9}{\376\377\121\170\127\213\165\065\154\140\145\160\143\156\226\306}{section.5}% 6
\BOOKMARK [2][-]{subsection.12}{\376\377\162\171\137\201\135\345\172\013}{section.5}% 7
\BOOKMARK [3][-]{subsubsection.13}{\376\377\120\145\136\267\143\007\150\007\143\320\123\326}{subsection.12}% 8
\BOOKMARK [3][-]{subsubsection.22}{\376\377\176\304\176\247\123\314\166\370\121\163\000\040\000M\000S\000-\000C\000C\000C\000T}{subsection.12}% 9
\BOOKMARK [3][-]{subsubsection.27}{\376\377\120\145\136\267\143\007\150\007\173\133\220\011}{subsection.12}% 10
\BOOKMARK [1][-]{section.33}{\376\377\142\100\143\320\121\372\166\204\000M\000S\000-\000A\000g\000e\000n\000t\000N\000e\000t\152\041\127\213}{}% 11
\BOOKMARK [2][-]{subsection.34}{\376\377\000M\000S\000-\000A\000g\000e\000n\000t\000N\000e\000t\140\073\117\123\147\266\147\204\116\016\145\160\143\156\155\101}{section.33}% 12
\BOOKMARK [2][-]{subsection.39}{\376\377\142\100\213\276\213\241\166\204\131\032\134\072\136\246\155\361\136\246\123\357\122\006\171\273\123\167\171\357\152\041\127\127}{section.33}% 13
\BOOKMARK [3][-]{subsubsection.41}{\376\377\000D\000S\000C\000o\000n\000v\127\372\147\054\176\323\147\204\116\016\213\241\173\227\221\317\153\324\217\203}{subsection.39}% 14
\BOOKMARK [3][-]{subsubsection.45}{\376\377\000D\000S\000C\000o\000n\000v\000-\000S\377\032\123\314\221\315\117\134\165\050\166\204\134\100\220\350\130\236\137\072}{subsection.39}% 15
\BOOKMARK [3][-]{subsubsection.47}{\376\377\000D\000S\000C\000o\000n\000v\000-\000L\377\032\124\016\207\215\124\010\225\177\134\072\136\246\176\306\123\026}{subsection.39}% 16
\BOOKMARK [2][-]{subsection.49}{\376\377\142\100\143\320\121\372\166\204\217\173\221\317\176\247\134\100\220\350\040\024\121\150\134\100\207\215\124\010\154\350\141\017\122\233\152\041\127\127}{section.33}% 17
\BOOKMARK [3][-]{subsubsection.51}{\376\377\131\032\131\064\201\352\154\350\141\017\122\233\166\204\116\000\202\054\137\142\137\017}{subsection.49}% 18
\BOOKMARK [3][-]{subsubsection.54}{\376\377\000S\000o\000f\000t\000m\000a\000x\154\350\141\017\122\233\116\016\176\277\140\047\154\350\141\017\122\233}{subsection.49}% 19
\BOOKMARK [3][-]{subsubsection.57}{\376\377\142\100\143\320\121\372\166\204\000S\000L\000F\000A\152\041\127\127}{subsection.49}% 20
\BOOKMARK [1][-]{section.64}{\376\377\133\236\232\214\176\323\147\234\116\016\122\006\147\220}{}% 21
\BOOKMARK [2][-]{subsection.65}{\376\377\213\304\116\367\143\007\150\007}{section.64}% 22
\BOOKMARK [2][-]{subsection.70}{\376\377\152\041\127\213\213\255\176\303\234\201\150\322\140\047\116\016\215\205\123\302\145\160\122\006\147\220}{section.64}% 23
\BOOKMARK [3][-]{subsubsection.71}{\376\377\146\172\200\375\117\123\167\351\226\065\122\035\131\313\123\026\116\016\145\066\145\133\140\047\122\006\147\220}{subsection.70}% 24
\BOOKMARK [3][-]{subsubsection.75}{\376\377\215\205\123\302\145\160\122\006\147\220}{subsection.70}% 25
\BOOKMARK [2][-]{subsection.77}{\376\377\000S\000O\000H\117\060\213\241\174\276\136\246\116\016\215\350\165\065\154\140\154\333\123\026\140\047\200\375\153\324\217\203}{section.64}% 26
\BOOKMARK [3][-]{subsubsection.78}{\376\377\000O\000x\000f\000o\000r\000d\145\160\143\156\226\306\116\012\166\204\117\060\213\241\174\276\136\246\122\006\147\220}{subsection.77}% 27
\BOOKMARK [3][-]{subsubsection.82}{\376\377\000C\000A\000L\000C\000E\124\214\000M\000I\000T\145\160\143\156\226\306\116\012\166\204\215\350\165\065\154\140\154\333\123\026\122\006\147\220}{subsection.77}% 28
\BOOKMARK [2][-]{subsection.85}{\376\377\215\350\145\160\143\156\226\306\217\301\171\373\133\236\232\214}{section.64}% 29
\BOOKMARK [3][-]{subsubsection.86}{\376\377\116\015\124\014\156\220\127\337\040\024\166\356\150\007\127\337\176\304\124\010\116\013\166\204\217\301\171\373\176\323\147\234}{subsection.85}% 30
\BOOKMARK [3][-]{subsubsection.89}{\376\377\166\356\150\007\127\337\220\002\221\115\145\160\143\156\153\324\117\213\133\371\217\301\171\373\140\047\200\375\166\204\137\161\124\315}{subsection.85}% 31
\BOOKMARK [2][-]{subsection.91}{\376\377\152\041\127\127\155\210\207\215\116\016\152\041\127\213\131\015\147\102\136\246\122\006\147\220}{section.64}% 32
\BOOKMARK [3][-]{subsubsection.92}{\376\377\152\041\127\127\155\210\207\215\122\006\147\220}{subsection.91}% 33
\BOOKMARK [3][-]{subsubsection.95}{\376\377\152\041\127\213\131\015\147\102\136\246\122\006\147\220}{subsection.91}% 34
\BOOKMARK [1][-]{section.98}{\376\377\176\323\213\272}{}% 35
