perl: warning: Setting locale failed.
perl: warning: Please check that your locale settings:
	LC_ALL = "C.UTF-8",
	LC_CTYPE = "C",
	LC_NUMERIC = "C",
	LC_COLLATE = "C",
	LC_TIME = (unset),
	LC_MONETARY = (unset),
	LANG = "C.UTF-8"
    are supported and installed on your system.
perl: warning: Falling back to the system default locale ("Chinese (Simplified)_China.936").
Initial Win CP for (console input, console output, system): (CP936, CP65001, CP936)
I changed them all to CP936
Rc files read:
  NONE
Latexmk: This is Latexmk, John Collins, 27 Dec. 2024. Version 4.86a.
Latexmk: applying rule 'xelatex'...
Rule 'xelatex':  Reasons for rerun
Changed files or newly in use/created:
  figures/figure_2_2.tex
  figures/figure_2_3.tex
  figures/figure_2_4.tex
  figures/figure_3_2.tex
  figures/figure_3_3.tex
Category 'changed_user':
  figures/figure_2_2.tex
  figures/figure_2_3.tex
  figures/figure_2_4.tex
  figures/figure_3_2.tex
  figures/figure_3_3.tex

------------
Run number 1 of rule 'xelatex'
------------
------------
Running 'xelatex -no-pdf -interaction=nonstopmode -file-line-error -recorder -output-directory="build"  "main.tex"'
------------
This is XeTeX, Version 3.141592653-2.6-0.999997 (TeX Live 2025) (preloaded format=xelatex)
 restricted \write18 enabled.
entering extended mode
(./main.tex
LaTeX2e <2024-11-01> patch level 2
L3 programming layer <2025-01-18>
(d:/latex/texlive/2025/texmf-dist/tex/latex/ctex/ctexart.cls
(d:/latex/texlive/2025/texmf-dist/tex/latex/ctex/config/ctexbackend.cfg)
(d:/latex/texlive/2025/texmf-dist/tex/latex/l3kernel/expl3.sty
(d:/latex/texlive/2025/texmf-dist/tex/latex/l3backend/l3backend-xetex.def))
Document Class: ctexart 2022/07/14 v2.5.10 Chinese adapter for class article (C
TEX)
(d:/latex/texlive/2025/texmf-dist/tex/latex/ctex/ctexhook.sty)
(d:/latex/texlive/2025/texmf-dist/tex/latex/ctex/ctexpatch.sty)
(d:/latex/texlive/2025/texmf-dist/tex/latex/base/fix-cm.sty
(d:/latex/texlive/2025/texmf-dist/tex/latex/base/ts1enc.def))
(d:/latex/texlive/2025/texmf-dist/tex/latex/ctex/config/ctexopts.cfg)
(d:/latex/texlive/2025/texmf-dist/tex/latex/base/article.cls
Document Class: article 2024/06/29 v1.4n Standard LaTeX document class
(d:/latex/texlive/2025/texmf-dist/tex/latex/base/size11.clo))
(d:/latex/texlive/2025/texmf-dist/tex/latex/ctex/engine/ctex-engine-xetex.def
(d:/latex/texlive/2025/texmf-dist/tex/xelatex/xecjk/xeCJK.sty
(d:/latex/texlive/2025/texmf-dist/tex/latex/l3packages/xtemplate/xtemplate.sty)
(d:/latex/texlive/2025/texmf-dist/tex/latex/fontspec/fontspec.sty
(d:/latex/texlive/2025/texmf-dist/tex/latex/l3packages/xparse/xparse.sty)
(d:/latex/texlive/2025/texmf-dist/tex/latex/fontspec/fontspec-xetex.sty
(d:/latex/texlive/2025/texmf-dist/tex/latex/base/fontenc.sty)
(d:/latex/texlive/2025/texmf-dist/tex/latex/fontspec/fontspec.cfg)))
(d:/latex/texlive/2025/texmf-dist/tex/xelatex/xecjk/xeCJK.cfg)))
(d:/latex/texlive/2025/texmf-dist/tex/latex/zhnumber/zhnumber.sty
(d:/latex/texlive/2025/texmf-dist/tex/latex/zhnumber/zhnumber-utf8.cfg))
(d:/latex/texlive/2025/texmf-dist/tex/latex/ctex/scheme/ctex-scheme-chinese-art
icle.def
(d:/latex/texlive/2025/texmf-dist/tex/latex/ctex/config/ctex-name-utf8.cfg))
(d:/latex/texlive/2025/texmf-dist/tex/latex/ctex/fontset/ctex-fontset-windows.d
ef)) (d:/latex/texlive/2025/texmf-dist/tex/latex/ctex/config/ctex.cfg)
(./preamble.tex
(d:/latex/texlive/2025/texmf-dist/tex/latex/geometry/geometry.sty
(d:/latex/texlive/2025/texmf-dist/tex/latex/graphics/keyval.sty)
(d:/latex/texlive/2025/texmf-dist/tex/generic/iftex/ifvtex.sty
(d:/latex/texlive/2025/texmf-dist/tex/generic/iftex/iftex.sty)))
(d:/latex/texlive/2025/texmf-dist/tex/latex/amsmath/amsmath.sty
For additional information on amsmath, use the `?' option.
(d:/latex/texlive/2025/texmf-dist/tex/latex/amsmath/amstext.sty
(d:/latex/texlive/2025/texmf-dist/tex/latex/amsmath/amsgen.sty))
(d:/latex/texlive/2025/texmf-dist/tex/latex/amsmath/amsbsy.sty)
(d:/latex/texlive/2025/texmf-dist/tex/latex/amsmath/amsopn.sty))
(d:/latex/texlive/2025/texmf-dist/tex/latex/amsfonts/amssymb.sty
(d:/latex/texlive/2025/texmf-dist/tex/latex/amsfonts/amsfonts.sty))
(d:/latex/texlive/2025/texmf-dist/tex/latex/tools/bm.sty)
(d:/latex/texlive/2025/texmf-dist/tex/latex/mathtools/mathtools.sty
(d:/latex/texlive/2025/texmf-dist/tex/latex/tools/calc.sty)
(d:/latex/texlive/2025/texmf-dist/tex/latex/mathtools/mhsetup.sty))
(d:/latex/texlive/2025/texmf-dist/tex/latex/graphics/graphicx.sty
(d:/latex/texlive/2025/texmf-dist/tex/latex/graphics/graphics.sty
(d:/latex/texlive/2025/texmf-dist/tex/latex/graphics/trig.sty)
(d:/latex/texlive/2025/texmf-dist/tex/latex/graphics-cfg/graphics.cfg)
(d:/latex/texlive/2025/texmf-dist/tex/latex/graphics-def/xetex.def)))
(d:/latex/texlive/2025/texmf-dist/tex/latex/booktabs/booktabs.sty)
(d:/latex/texlive/2025/texmf-dist/tex/latex/makecell/makecell.sty
(d:/latex/texlive/2025/texmf-dist/tex/latex/tools/array.sty))
(d:/latex/texlive/2025/texmf-dist/tex/latex/tools/tabularx.sty)
(d:/latex/texlive/2025/texmf-dist/tex/latex/tools/longtable.sty)
(d:/latex/texlive/2025/texmf-dist/tex/latex/newfloat/newfloat.sty)
(d:/latex/texlive/2025/texmf-dist/tex/latex/threeparttablex/threeparttablex.sty
(d:/latex/texlive/2025/texmf-dist/tex/latex/threeparttable/threeparttable.sty)
(d:/latex/texlive/2025/texmf-dist/tex/latex/environ/environ.sty
(d:/latex/texlive/2025/texmf-dist/tex/latex/trimspaces/trimspaces.sty)))
(d:/latex/texlive/2025/texmf-dist/tex/latex/adjustbox/adjustbox.sty
(d:/latex/texlive/2025/texmf-dist/tex/latex/xkeyval/xkeyval.sty
(d:/latex/texlive/2025/texmf-dist/tex/generic/xkeyval/xkeyval.tex
(d:/latex/texlive/2025/texmf-dist/tex/generic/xkeyval/xkvutils.tex)))
(d:/latex/texlive/2025/texmf-dist/tex/latex/adjustbox/adjcalc.sty)
(d:/latex/texlive/2025/texmf-dist/tex/latex/adjustbox/trimclip.sty
(d:/latex/texlive/2025/texmf-dist/tex/latex/collectbox/collectbox.sty)
(d:/latex/texlive/2025/texmf-dist/tex/latex/adjustbox/tc-xetex.def))
(d:/latex/texlive/2025/texmf-dist/tex/latex/ifoddpage/ifoddpage.sty)
(d:/latex/texlive/2025/texmf-dist/tex/latex/varwidth/varwidth.sty))
(d:/latex/texlive/2025/texmf-dist/tex/latex/caption/caption.sty
(d:/latex/texlive/2025/texmf-dist/tex/latex/caption/caption3.sty)
(d:/latex/texlive/2025/texmf-dist/tex/latex/caption/ltcaption.sty))
(d:/latex/texlive/2025/texmf-dist/tex/latex/float/float.sty)
(d:/latex/texlive/2025/texmf-dist/tex/latex/xcolor/xcolor.sty
(d:/latex/texlive/2025/texmf-dist/tex/latex/graphics-cfg/color.cfg)
(d:/latex/texlive/2025/texmf-dist/tex/latex/graphics/mathcolor.ltx))
(d:/latex/texlive/2025/texmf-dist/tex/latex/url/url.sty)
(d:/latex/texlive/2025/texmf-dist/tex/latex/psnfss/pifont.sty
(d:/latex/texlive/2025/texmf-dist/tex/latex/psnfss/upzd.fd)
(d:/latex/texlive/2025/texmf-dist/tex/latex/psnfss/upsy.fd))
(d:/latex/texlive/2025/texmf-dist/tex/latex/chngcntr/chngcntr.sty)
(d:/latex/texlive/2025/texmf-dist/tex/latex/cite/cite.sty)
(d:/latex/texlive/2025/texmf-dist/tex/latex/hyperref/hyperref.sty
(d:/latex/texlive/2025/texmf-dist/tex/latex/kvsetkeys/kvsetkeys.sty)
(d:/latex/texlive/2025/texmf-dist/tex/generic/kvdefinekeys/kvdefinekeys.sty)
(d:/latex/texlive/2025/texmf-dist/tex/generic/pdfescape/pdfescape.sty
(d:/latex/texlive/2025/texmf-dist/tex/generic/ltxcmds/ltxcmds.sty)
(d:/latex/texlive/2025/texmf-dist/tex/generic/pdftexcmds/pdftexcmds.sty
(d:/latex/texlive/2025/texmf-dist/tex/generic/infwarerr/infwarerr.sty)))
(d:/latex/texlive/2025/texmf-dist/tex/latex/hycolor/hycolor.sty)
(d:/latex/texlive/2025/texmf-dist/tex/latex/hyperref/nameref.sty
(d:/latex/texlive/2025/texmf-dist/tex/latex/refcount/refcount.sty)
(d:/latex/texlive/2025/texmf-dist/tex/generic/gettitlestring/gettitlestring.sty
(d:/latex/texlive/2025/texmf-dist/tex/latex/kvoptions/kvoptions.sty)))
(d:/latex/texlive/2025/texmf-dist/tex/latex/etoolbox/etoolbox.sty)
(d:/latex/texlive/2025/texmf-dist/tex/generic/stringenc/stringenc.sty)
(d:/latex/texlive/2025/texmf-dist/tex/latex/hyperref/pd1enc.def)
(d:/latex/texlive/2025/texmf-dist/tex/generic/intcalc/intcalc.sty)
(d:/latex/texlive/2025/texmf-dist/tex/latex/hyperref/puenc.def)
(d:/latex/texlive/2025/texmf-dist/tex/generic/bitset/bitset.sty
(d:/latex/texlive/2025/texmf-dist/tex/generic/bigintcalc/bigintcalc.sty))
(d:/latex/texlive/2025/texmf-dist/tex/latex/base/atbegshi-ltx.sty))
(d:/latex/texlive/2025/texmf-dist/tex/latex/hyperref/hxetex.def
(d:/latex/texlive/2025/texmf-dist/tex/latex/rerunfilecheck/rerunfilecheck.sty
(d:/latex/texlive/2025/texmf-dist/tex/latex/base/atveryend-ltx.sty)
(d:/latex/texlive/2025/texmf-dist/tex/generic/uniquecounter/uniquecounter.sty))
) (d:/latex/texlive/2025/texmf-dist/tex/latex/cleveref/cleveref.sty)
(d:/latex/texlive/2025/texmf-dist/tex/latex/setspace/setspace.sty)
(d:/latex/texlive/2025/texmf-dist/tex/latex/titlesec/titlesec.sty)
(d:/latex/texlive/2025/texmf-dist/tex/latex/enumitem/enumitem.sty)
(d:/latex/texlive/2025/texmf-dist/tex/latex/tools/indentfirst.sty)

Package xeCJK Warning: Redefining CJKfamily `\CJKrmdefault' (SimSun(0)).

(./table-style.tex
(d:/latex/texlive/2025/texmf-dist/tex/latex/placeins/placeins.sty)))
(build/main.aux)
*geometry* driver: auto-detecting
*geometry* detected driver: xetex
(build/main.out) (build/main.out) (./chapters/abstract.tex)
(./chapters/chapter01.tex
[1] (d:/latex/texlive/2025/texmf-dist/tex/latex/amsfonts/umsa.fd)
(d:/latex/texlive/2025/texmf-dist/tex/latex/amsfonts/umsb.fd)
[2] (./tables/table_1_comparison.tex)
[3]) (./chapters/chapter02.tex (./figures/figure_2_1.tex)
(./tables/table_2_1.tex) (./figures/figure_2_2.tex)
[4]
[5]
[6] (./tables/table_2_2.tex) (./figures/figure_2_3.tex)
[7]
[8] (./tables/table_2_3.tex)
[9] (./algorithms/algorithm_2_1.tex) (./figures/figure_2_4.tex)
(./tables/table_2_4.tex) (./tables/table_2_5.tex) (./tables/table_2_6.tex))
[10]

LaTeX Warning: Text page 11 contains only floats.


[11] (./chapters/chapter03.tex (./figures/figure_3_1.tex)
[12] (./figures/figure_3_2.tex)
[13]
[14] (./figures/figure_3_3.tex)
[15]
[16]) (./chapters/chapter04.tex
[17] (./tables/table_4_3_initialization.tex) (./tables/table_4_3.tex)
(./tables/table_4_1.tex)
[18] (./tables/table_4_4.tex)
[19] (./figures/figure_4_2.tex) (./tables/table_4_5.tex)
(./figures/figure_4_3.tex) (./tables/table_4_6.tex)
[20]
[21] (./tables/table_4_7.tex) (./tables/table_4_8.tex)
[22] (./tables/table_4_9.tex)
[23]
[24] (./tables/table_4_10.tex) (./tables/table_4_11.tex)
[25] (./tables/table_4_12.tex) (./figures/figure_4_4.tex
[26])) (./chapters/chapter05.tex
[27]) (./backmatter/references.tex
[28]
[29]
[30]
[31])
[32] (build/main.aux)

LaTeX Warning: Label(s) may have changed. Rerun to get cross-references right.

 )
Output written on build/main.xdv (32 pages, 896348 bytes).
Transcript written on build/main.log.
Latexmk: Getting log file 'build/main.log'
Latexmk: Examining 'build/main.fls'
Latexmk: Examining 'build/main.log'
Latexmk: References changed.
Latexmk: Log file says output to 'build/main.xdv'
Latexmk: applying rule 'xelatex'...
Rule 'xelatex':  Reasons for rerun
Changed files or newly in use/created:
  build/main.aux

------------
Run number 2 of rule 'xelatex'
------------
------------
Running 'xelatex -no-pdf -interaction=nonstopmode -file-line-error -recorder -output-directory="build"  "main.tex"'
------------
This is XeTeX, Version 3.141592653-2.6-0.999997 (TeX Live 2025) (preloaded format=xelatex)
 restricted \write18 enabled.
entering extended mode
(./main.tex
LaTeX2e <2024-11-01> patch level 2
L3 programming layer <2025-01-18>
(d:/latex/texlive/2025/texmf-dist/tex/latex/ctex/ctexart.cls
(d:/latex/texlive/2025/texmf-dist/tex/latex/ctex/config/ctexbackend.cfg)
(d:/latex/texlive/2025/texmf-dist/tex/latex/l3kernel/expl3.sty
(d:/latex/texlive/2025/texmf-dist/tex/latex/l3backend/l3backend-xetex.def))
Document Class: ctexart 2022/07/14 v2.5.10 Chinese adapter for class article (C
TEX)
(d:/latex/texlive/2025/texmf-dist/tex/latex/ctex/ctexhook.sty)
(d:/latex/texlive/2025/texmf-dist/tex/latex/ctex/ctexpatch.sty)
(d:/latex/texlive/2025/texmf-dist/tex/latex/base/fix-cm.sty
(d:/latex/texlive/2025/texmf-dist/tex/latex/base/ts1enc.def))
(d:/latex/texlive/2025/texmf-dist/tex/latex/ctex/config/ctexopts.cfg)
(d:/latex/texlive/2025/texmf-dist/tex/latex/base/article.cls
Document Class: article 2024/06/29 v1.4n Standard LaTeX document class
(d:/latex/texlive/2025/texmf-dist/tex/latex/base/size11.clo))
(d:/latex/texlive/2025/texmf-dist/tex/latex/ctex/engine/ctex-engine-xetex.def
(d:/latex/texlive/2025/texmf-dist/tex/xelatex/xecjk/xeCJK.sty
(d:/latex/texlive/2025/texmf-dist/tex/latex/l3packages/xtemplate/xtemplate.sty)
(d:/latex/texlive/2025/texmf-dist/tex/latex/fontspec/fontspec.sty
(d:/latex/texlive/2025/texmf-dist/tex/latex/l3packages/xparse/xparse.sty)
(d:/latex/texlive/2025/texmf-dist/tex/latex/fontspec/fontspec-xetex.sty
(d:/latex/texlive/2025/texmf-dist/tex/latex/base/fontenc.sty)
(d:/latex/texlive/2025/texmf-dist/tex/latex/fontspec/fontspec.cfg)))
(d:/latex/texlive/2025/texmf-dist/tex/xelatex/xecjk/xeCJK.cfg)))
(d:/latex/texlive/2025/texmf-dist/tex/latex/zhnumber/zhnumber.sty
(d:/latex/texlive/2025/texmf-dist/tex/latex/zhnumber/zhnumber-utf8.cfg))
(d:/latex/texlive/2025/texmf-dist/tex/latex/ctex/scheme/ctex-scheme-chinese-art
icle.def
(d:/latex/texlive/2025/texmf-dist/tex/latex/ctex/config/ctex-name-utf8.cfg))
(d:/latex/texlive/2025/texmf-dist/tex/latex/ctex/fontset/ctex-fontset-windows.d
ef)) (d:/latex/texlive/2025/texmf-dist/tex/latex/ctex/config/ctex.cfg)
(./preamble.tex
(d:/latex/texlive/2025/texmf-dist/tex/latex/geometry/geometry.sty
(d:/latex/texlive/2025/texmf-dist/tex/latex/graphics/keyval.sty)
(d:/latex/texlive/2025/texmf-dist/tex/generic/iftex/ifvtex.sty
(d:/latex/texlive/2025/texmf-dist/tex/generic/iftex/iftex.sty)))
(d:/latex/texlive/2025/texmf-dist/tex/latex/amsmath/amsmath.sty
For additional information on amsmath, use the `?' option.
(d:/latex/texlive/2025/texmf-dist/tex/latex/amsmath/amstext.sty
(d:/latex/texlive/2025/texmf-dist/tex/latex/amsmath/amsgen.sty))
(d:/latex/texlive/2025/texmf-dist/tex/latex/amsmath/amsbsy.sty)
(d:/latex/texlive/2025/texmf-dist/tex/latex/amsmath/amsopn.sty))
(d:/latex/texlive/2025/texmf-dist/tex/latex/amsfonts/amssymb.sty
(d:/latex/texlive/2025/texmf-dist/tex/latex/amsfonts/amsfonts.sty))
(d:/latex/texlive/2025/texmf-dist/tex/latex/tools/bm.sty)
(d:/latex/texlive/2025/texmf-dist/tex/latex/mathtools/mathtools.sty
(d:/latex/texlive/2025/texmf-dist/tex/latex/tools/calc.sty)
(d:/latex/texlive/2025/texmf-dist/tex/latex/mathtools/mhsetup.sty))
(d:/latex/texlive/2025/texmf-dist/tex/latex/graphics/graphicx.sty
(d:/latex/texlive/2025/texmf-dist/tex/latex/graphics/graphics.sty
(d:/latex/texlive/2025/texmf-dist/tex/latex/graphics/trig.sty)
(d:/latex/texlive/2025/texmf-dist/tex/latex/graphics-cfg/graphics.cfg)
(d:/latex/texlive/2025/texmf-dist/tex/latex/graphics-def/xetex.def)))
(d:/latex/texlive/2025/texmf-dist/tex/latex/booktabs/booktabs.sty)
(d:/latex/texlive/2025/texmf-dist/tex/latex/makecell/makecell.sty
(d:/latex/texlive/2025/texmf-dist/tex/latex/tools/array.sty))
(d:/latex/texlive/2025/texmf-dist/tex/latex/tools/tabularx.sty)
(d:/latex/texlive/2025/texmf-dist/tex/latex/tools/longtable.sty)
(d:/latex/texlive/2025/texmf-dist/tex/latex/newfloat/newfloat.sty)
(d:/latex/texlive/2025/texmf-dist/tex/latex/threeparttablex/threeparttablex.sty
(d:/latex/texlive/2025/texmf-dist/tex/latex/threeparttable/threeparttable.sty)
(d:/latex/texlive/2025/texmf-dist/tex/latex/environ/environ.sty
(d:/latex/texlive/2025/texmf-dist/tex/latex/trimspaces/trimspaces.sty)))
(d:/latex/texlive/2025/texmf-dist/tex/latex/adjustbox/adjustbox.sty
(d:/latex/texlive/2025/texmf-dist/tex/latex/xkeyval/xkeyval.sty
(d:/latex/texlive/2025/texmf-dist/tex/generic/xkeyval/xkeyval.tex
(d:/latex/texlive/2025/texmf-dist/tex/generic/xkeyval/xkvutils.tex)))
(d:/latex/texlive/2025/texmf-dist/tex/latex/adjustbox/adjcalc.sty)
(d:/latex/texlive/2025/texmf-dist/tex/latex/adjustbox/trimclip.sty
(d:/latex/texlive/2025/texmf-dist/tex/latex/collectbox/collectbox.sty)
(d:/latex/texlive/2025/texmf-dist/tex/latex/adjustbox/tc-xetex.def))
(d:/latex/texlive/2025/texmf-dist/tex/latex/ifoddpage/ifoddpage.sty)
(d:/latex/texlive/2025/texmf-dist/tex/latex/varwidth/varwidth.sty))
(d:/latex/texlive/2025/texmf-dist/tex/latex/caption/caption.sty
(d:/latex/texlive/2025/texmf-dist/tex/latex/caption/caption3.sty)
(d:/latex/texlive/2025/texmf-dist/tex/latex/caption/ltcaption.sty))
(d:/latex/texlive/2025/texmf-dist/tex/latex/float/float.sty)
(d:/latex/texlive/2025/texmf-dist/tex/latex/xcolor/xcolor.sty
(d:/latex/texlive/2025/texmf-dist/tex/latex/graphics-cfg/color.cfg)
(d:/latex/texlive/2025/texmf-dist/tex/latex/graphics/mathcolor.ltx))
(d:/latex/texlive/2025/texmf-dist/tex/latex/url/url.sty)
(d:/latex/texlive/2025/texmf-dist/tex/latex/psnfss/pifont.sty
(d:/latex/texlive/2025/texmf-dist/tex/latex/psnfss/upzd.fd)
(d:/latex/texlive/2025/texmf-dist/tex/latex/psnfss/upsy.fd))
(d:/latex/texlive/2025/texmf-dist/tex/latex/chngcntr/chngcntr.sty)
(d:/latex/texlive/2025/texmf-dist/tex/latex/cite/cite.sty)
(d:/latex/texlive/2025/texmf-dist/tex/latex/hyperref/hyperref.sty
(d:/latex/texlive/2025/texmf-dist/tex/latex/kvsetkeys/kvsetkeys.sty)
(d:/latex/texlive/2025/texmf-dist/tex/generic/kvdefinekeys/kvdefinekeys.sty)
(d:/latex/texlive/2025/texmf-dist/tex/generic/pdfescape/pdfescape.sty
(d:/latex/texlive/2025/texmf-dist/tex/generic/ltxcmds/ltxcmds.sty)
(d:/latex/texlive/2025/texmf-dist/tex/generic/pdftexcmds/pdftexcmds.sty
(d:/latex/texlive/2025/texmf-dist/tex/generic/infwarerr/infwarerr.sty)))
(d:/latex/texlive/2025/texmf-dist/tex/latex/hycolor/hycolor.sty)
(d:/latex/texlive/2025/texmf-dist/tex/latex/hyperref/nameref.sty
(d:/latex/texlive/2025/texmf-dist/tex/latex/refcount/refcount.sty)
(d:/latex/texlive/2025/texmf-dist/tex/generic/gettitlestring/gettitlestring.sty
(d:/latex/texlive/2025/texmf-dist/tex/latex/kvoptions/kvoptions.sty)))
(d:/latex/texlive/2025/texmf-dist/tex/latex/etoolbox/etoolbox.sty)
(d:/latex/texlive/2025/texmf-dist/tex/generic/stringenc/stringenc.sty)
(d:/latex/texlive/2025/texmf-dist/tex/latex/hyperref/pd1enc.def)
(d:/latex/texlive/2025/texmf-dist/tex/generic/intcalc/intcalc.sty)
(d:/latex/texlive/2025/texmf-dist/tex/latex/hyperref/puenc.def)
(d:/latex/texlive/2025/texmf-dist/tex/generic/bitset/bitset.sty
(d:/latex/texlive/2025/texmf-dist/tex/generic/bigintcalc/bigintcalc.sty))
(d:/latex/texlive/2025/texmf-dist/tex/latex/base/atbegshi-ltx.sty))
(d:/latex/texlive/2025/texmf-dist/tex/latex/hyperref/hxetex.def
(d:/latex/texlive/2025/texmf-dist/tex/latex/rerunfilecheck/rerunfilecheck.sty
(d:/latex/texlive/2025/texmf-dist/tex/latex/base/atveryend-ltx.sty)
(d:/latex/texlive/2025/texmf-dist/tex/generic/uniquecounter/uniquecounter.sty))
) (d:/latex/texlive/2025/texmf-dist/tex/latex/cleveref/cleveref.sty)
(d:/latex/texlive/2025/texmf-dist/tex/latex/setspace/setspace.sty)
(d:/latex/texlive/2025/texmf-dist/tex/latex/titlesec/titlesec.sty)
(d:/latex/texlive/2025/texmf-dist/tex/latex/enumitem/enumitem.sty)
(d:/latex/texlive/2025/texmf-dist/tex/latex/tools/indentfirst.sty)

Package xeCJK Warning: Redefining CJKfamily `\CJKrmdefault' (SimSun(0)).

(./table-style.tex
(d:/latex/texlive/2025/texmf-dist/tex/latex/placeins/placeins.sty)))
(build/main.aux)
*geometry* driver: auto-detecting
*geometry* detected driver: xetex
(build/main.out) (build/main.out) (./chapters/abstract.tex)
(./chapters/chapter01.tex
[1] (d:/latex/texlive/2025/texmf-dist/tex/latex/amsfonts/umsa.fd)
(d:/latex/texlive/2025/texmf-dist/tex/latex/amsfonts/umsb.fd)
[2] (./tables/table_1_comparison.tex)
[3]) (./chapters/chapter02.tex (./figures/figure_2_1.tex)
(./tables/table_2_1.tex) (./figures/figure_2_2.tex)
[4]
[5]
[6] (./tables/table_2_2.tex) (./figures/figure_2_3.tex)
[7]
[8] (./tables/table_2_3.tex)
[9] (./algorithms/algorithm_2_1.tex) (./figures/figure_2_4.tex)
(./tables/table_2_4.tex) (./tables/table_2_5.tex) (./tables/table_2_6.tex))
[10]

LaTeX Warning: Text page 11 contains only floats.


[11] (./chapters/chapter03.tex (./figures/figure_3_1.tex)
[12] (./figures/figure_3_2.tex)
[13]
[14] (./figures/figure_3_3.tex)
[15]
[16]) (./chapters/chapter04.tex
[17] (./tables/table_4_3_initialization.tex) (./tables/table_4_3.tex)
(./tables/table_4_1.tex)
[18] (./tables/table_4_4.tex)
[19] (./figures/figure_4_2.tex) (./tables/table_4_5.tex)
(./figures/figure_4_3.tex) (./tables/table_4_6.tex)
[20]
[21] (./tables/table_4_7.tex) (./tables/table_4_8.tex)
[22] (./tables/table_4_9.tex)
[23]
[24] (./tables/table_4_10.tex) (./tables/table_4_11.tex)
[25] (./tables/table_4_12.tex) (./figures/figure_4_4.tex
[26])) (./chapters/chapter05.tex
[27]) (./backmatter/references.tex
[28]
[29]
[30]
[31])
[32] (build/main.aux) )
Output written on build/main.xdv (32 pages, 896348 bytes).
Transcript written on build/main.log.
Latexmk: Getting log file 'build/main.log'
Latexmk: Examining 'build/main.fls'
Latexmk: Examining 'build/main.log'
Latexmk: Log file says output to 'build/main.xdv'
Latexmk: applying rule 'xdvipdfmx'...
Rule 'xdvipdfmx':  Reasons for rerun
Changed files or newly in use/created:
  build/main.xdv
Category 'changed_source_rules':
  xelatex

------------
Run number 1 of rule 'xdvipdfmx'
------------
------------
Running 'xdvipdfmx -E -o "build/main.pdf"  "build/main.xdv"'
------------
build/main.xdv -> build/main.pdf
[1][2][3][4][5][6
xdvipdfmx:warning: Profile size: 459
xdvipdfmx:warning: Invalid ICC profile header in "sRGB"

pdf_color>> ICC Profile Info
pdf_color>> Profile Size:	0 bytes
pdf_color>> CMM Type:	(null)
pdf_color>> Profile Version:	0.15.15
pdf_color>> Device Class:	(null)
pdf_color>> Color Space:	(null)
pdf_color>> Connection Space:	(null)
pdf_color>> Creation Date:	0000:00:00:00:00:00
pdf_color>> Primary Platform:	(null)
pdf_color>> Profile Flags:	00:00:00:00
pdf_color>> Device Mnfct:	(null)
pdf_color>> Device Model:	(null)
pdf_color>> Device Attr:	00:00:00:00:00:00:00:00
pdf_color>> Rendering Intent:	Perceptual
pdf_color>> Creator:	(null)
pdf_color>> Illuminant (XYZ):	0.000 0.000 0.000
pdf_color>> Checksum:	(null)
][7][8][9][10][11][12][13][14][15][16][17][18][19][20][21][22][23][24][25][26][27][28][29][30][31][32]
6438366 bytes written
Latexmk: All targets (build/main.xdv build/main.pdf) are up-to-date

Reverting Windows console CPs to (in,out) = (936,65001)
